141 INFO: PyInstaller: 6.21.0, contrib hooks: 2026.6
142 INFO: Python: 3.11.9
153 INFO: Platform: Windows-10-10.0.26200-SP0
153 INFO: Python environment: C:\Users\smikl\AppData\Local\Programs\Python\Python311
156 INFO: Removing temporary files and cleaning cache in C:\Users\smikl\AppData\Local\pyinstaller
159 INFO: Module search paths (PYTHONPATH):
['C:\\Users\\smikl\\Desktop\\Work\\OpenOutreach',
 'C:\\Users\\smikl\\AppData\\Local\\Programs\\Python\\Python311\\python311.zip',
 'C:\\Users\\smikl\\AppData\\Local\\Programs\\Python\\Python311\\DLLs',
 'C:\\Users\\smikl\\AppData\\Local\\Programs\\Python\\Python311\\Lib',
 'C:\\Users\\smikl\\AppData\\Local\\Programs\\Python\\Python311',
 'C:\\Users\\smikl\\AppData\\Local\\Programs\\Python\\Python311\\Lib\\site-packages',
 'C:\\Users\\smikl\\Desktop\\Work\\LenManag\\apps\\backend',
 'C:\\Users\\smikl\\Desktop\\Work\\Xtrac\\backend',
 'C:\\Users\\smikl\\Desktop\\Work\\OpenOutreach']
966 INFO: Appending 'datas' from .spec
967 INFO: checking Analysis
967 INFO: Building Analysis because Analysis-00.toc is non existent
967 INFO: Looking for Python shared library...
967 INFO: Using Python shared library: C:\Users\smikl\AppData\Local\Programs\Python\Python311\python311.dll
967 INFO: Running Analysis Analysis-00.toc
967 INFO: Target bytecode optimization level: 2
967 INFO: Initializing module dependency graph...
968 INFO: Initializing module graph hook caches...
1008 INFO: Analyzing modules for base_library.zip ...
2102 INFO: Processing standard module hook 'hook-encodings.py' from 'C:\\Users\\smikl\\AppData\\Local\\Programs\\Python\\Python311\\Lib\\site-packages\\PyInstaller\\hooks'
2826 INFO: Processing standard module hook 'hook-math.py' from 'C:\\Users\\smikl\\AppData\\Local\\Programs\\Python\\Python311\\Lib\\site-packages\\PyInstaller\\hooks'
3909 INFO: Processing standard module hook 'hook-pickle.py' from 'C:\\Users\\smikl\\AppData\\Local\\Programs\\Python\\Python311\\Lib\\site-packages\\PyInstaller\\hooks'
5696 INFO: Processing standard module hook 'hook-heapq.py' from 'C:\\Users\\smikl\\AppData\\Local\\Programs\\Python\\Python311\\Lib\\site-packages\\PyInstaller\\hooks'
7099 INFO: Caching module dependency graph...
7144 INFO: Analyzing C:\Users\smikl\Desktop\Work\OpenOutreach\openoutreach\desktop\app.py
7381 INFO: Processing standard module hook 'hook-multiprocessing.util.py' from 'C:\\Users\\smikl\\AppData\\Local\\Programs\\Python\\Python311\\Lib\\site-packages\\PyInstaller\\hooks'
7606 INFO: Processing standard module hook 'hook-xml.py' from 'C:\\Users\\smikl\\AppData\\Local\\Programs\\Python\\Python311\\Lib\\site-packages\\PyInstaller\\hooks'
8106 INFO: Processing standard module hook 'hook-_ctypes.py' from 'C:\\Users\\smikl\\AppData\\Local\\Programs\\Python\\Python311\\Lib\\site-packages\\PyInstaller\\hooks'
8735 INFO: Processing standard module hook 'hook-webbrowser.py' from 'C:\\Users\\smikl\\AppData\\Local\\Programs\\Python\\Python311\\Lib\\site-packages\\PyInstaller\\hooks'
8772 INFO: Processing standard module hook 'hook-pystray.py' from 'C:\\Users\\smikl\\AppData\\Local\\Programs\\Python\\Python311\\Lib\\site-packages\\_pyinstaller_hooks_contrib\\stdhooks'
9086 INFO: Processing pre-safe-import-module hook 'hook-six.moves.py' from 'C:\\Users\\smikl\\AppData\\Local\\Programs\\Python\\Python311\\Lib\\site-packages\\PyInstaller\\hooks\\pre_safe_import_module'
9148 INFO: Processing pre-safe-import-module hook 'hook-gi.py' from 'C:\\Users\\smikl\\AppData\\Local\\Programs\\Python\\Python311\\Lib\\site-packages\\PyInstaller\\hooks\\pre_safe_import_module'
9164 INFO: Processing standard module hook 'hook-PIL.py' from 'C:\\Users\\smikl\\AppData\\Local\\Programs\\Python\\Python311\\Lib\\site-packages\\PyInstaller\\hooks'
9297 INFO: Processing standard module hook 'hook-PIL.Image.py' from 'C:\\Users\\smikl\\AppData\\Local\\Programs\\Python\\Python311\\Lib\\site-packages\\PyInstaller\\hooks'
9678 INFO: Processing standard module hook 'hook-xml.etree.cElementTree.py' from 'C:\\Users\\smikl\\AppData\\Local\\Programs\\Python\\Python311\\Lib\\site-packages\\PyInstaller\\hooks'
9822 INFO: Processing standard module hook 'hook-PIL.ImageFilter.py' from 'C:\\Users\\smikl\\AppData\\Local\\Programs\\Python\\Python311\\Lib\\site-packages\\PyInstaller\\hooks'
10203 INFO: Processing standard module hook 'hook-platform.py' from 'C:\\Users\\smikl\\AppData\\Local\\Programs\\Python\\Python311\\Lib\\site-packages\\PyInstaller\\hooks'
10837 INFO: Processing standard module hook 'hook-certifi.py' from 'C:\\Users\\smikl\\AppData\\Local\\Programs\\Python\\Python311\\Lib\\site-packages\\_pyinstaller_hooks_contrib\\stdhooks'
11343 INFO: Processing standard module hook 'hook-anyio.py' from 'C:\\Users\\smikl\\AppData\\Local\\Programs\\Python\\Python311\\Lib\\site-packages\\_pyinstaller_hooks_contrib\\stdhooks'
11856 INFO: Processing pre-safe-import-module hook 'hook-typing_extensions.py' from 'C:\\Users\\smikl\\AppData\\Local\\Programs\\Python\\Python311\\Lib\\site-packages\\PyInstaller\\hooks\\pre_safe_import_module'
11856 INFO: SetuptoolsInfo: initializing cached setuptools info...
14055 INFO: Processing standard module hook 'hook-difflib.py' from 'C:\\Users\\smikl\\AppData\\Local\\Programs\\Python\\Python311\\Lib\\site-packages\\PyInstaller\\hooks'
14264 INFO: Processing standard module hook 'hook-pygments.py' from 'C:\\Users\\smikl\\AppData\\Local\\Programs\\Python\\Python311\\Lib\\site-packages\\PyInstaller\\hooks'
15652 INFO: Processing standard module hook 'hook-pydantic.py' from 'C:\\Users\\smikl\\AppData\\Local\\Programs\\Python\\Python311\\Lib\\site-packages\\_pyinstaller_hooks_contrib\\stdhooks'
17440 INFO: Processing standard module hook 'hook-dns.rdata.py' from 'C:\\Users\\smikl\\AppData\\Local\\Programs\\Python\\Python311\\Lib\\site-packages\\_pyinstaller_hooks_contrib\\stdhooks'
18858 INFO: Processing pre-safe-import-module hook 'hook-tomli.py' from 'C:\\Users\\smikl\\AppData\\Local\\Programs\\Python\\Python311\\Lib\\site-packages\\PyInstaller\\hooks\\pre_safe_import_module'
19336 INFO: Processing standard module hook 'hook-bcrypt.py' from 'C:\\Users\\smikl\\AppData\\Local\\Programs\\Python\\Python311\\Lib\\site-packages\\_pyinstaller_hooks_contrib\\stdhooks'
19407 INFO: Processing standard module hook 'hook-cryptography.py' from 'C:\\Users\\smikl\\AppData\\Local\\Programs\\Python\\Python311\\Lib\\site-packages\\_pyinstaller_hooks_contrib\\stdhooks'
20547 INFO: hook-cryptography: cryptography does not seem to be using dynamically linked OpenSSL.
21253 INFO: Processing standard module hook 'hook-urllib3.py' from 'C:\\Users\\smikl\\AppData\\Local\\Programs\\Python\\Python311\\Lib\\site-packages\\_pyinstaller_hooks_contrib\\stdhooks'
21968 INFO: Processing standard module hook 'hook-charset_normalizer.py' from 'C:\\Users\\smikl\\AppData\\Local\\Programs\\Python\\Python311\\Lib\\site-packages\\_pyinstaller_hooks_contrib\\stdhooks'
22240 INFO: Processing standard module hook 'hook-zoneinfo.py' from 'C:\\Users\\smikl\\AppData\\Local\\Programs\\Python\\Python311\\Lib\\site-packages\\_pyinstaller_hooks_contrib\\stdhooks'
22280 INFO: Processing standard module hook 'hook-sysconfig.py' from 'C:\\Users\\smikl\\AppData\\Local\\Programs\\Python\\Python311\\Lib\\site-packages\\PyInstaller\\hooks'
25114 INFO: Processing standard module hook 'hook-keyring.py' from 'C:\\Users\\smikl\\AppData\\Local\\Programs\\Python\\Python311\\Lib\\site-packages\\PyInstaller\\hooks'
25636 INFO: Processing pre-safe-import-module hook 'hook-jaraco.py' from 'C:\\Users\\smikl\\AppData\\Local\\Programs\\Python\\Python311\\Lib\\site-packages\\PyInstaller\\hooks\\pre_safe_import_module'
25637 INFO: Processing pre-safe-import-module hook 'hook-jaraco.context.py' from 'C:\\Users\\smikl\\AppData\\Local\\Programs\\Python\\Python311\\Lib\\site-packages\\PyInstaller\\hooks\\pre_safe_import_module'
25644 INFO: Processing pre-safe-import-module hook 'hook-backports.py' from 'C:\\Users\\smikl\\AppData\\Local\\Programs\\Python\\Python311\\Lib\\site-packages\\PyInstaller\\hooks\\pre_safe_import_module'
25646 INFO: Processing pre-safe-import-module hook 'hook-backports.tarfile.py' from 'C:\\Users\\smikl\\AppData\\Local\\Programs\\Python\\Python311\\Lib\\site-packages\\PyInstaller\\hooks\\pre_safe_import_module'
25711 INFO: Processing standard module hook 'hook-backports.py' from 'C:\\Users\\smikl\\AppData\\Local\\Programs\\Python\\Python311\\Lib\\site-packages\\_pyinstaller_hooks_contrib\\stdhooks'
25716 INFO: Processing pre-safe-import-module hook 'hook-jaraco.functools.py' from 'C:\\Users\\smikl\\AppData\\Local\\Programs\\Python\\Python311\\Lib\\site-packages\\PyInstaller\\hooks\\pre_safe_import_module'
25725 INFO: Processing pre-safe-import-module hook 'hook-more_itertools.py' from 'C:\\Users\\smikl\\AppData\\Local\\Programs\\Python\\Python311\\Lib\\site-packages\\PyInstaller\\hooks\\pre_safe_import_module'
25896 INFO: Processing pre-safe-import-module hook 'hook-importlib_metadata.py' from 'C:\\Users\\smikl\\AppData\\Local\\Programs\\Python\\Python311\\Lib\\site-packages\\PyInstaller\\hooks\\pre_safe_import_module'
25916 INFO: Processing standard module hook 'hook-importlib_metadata.py' from 'C:\\Users\\smikl\\AppData\\Local\\Programs\\Python\\Python311\\Lib\\site-packages\\PyInstaller\\hooks'
25935 INFO: Processing pre-safe-import-module hook 'hook-zipp.py' from 'C:\\Users\\smikl\\AppData\\Local\\Programs\\Python\\Python311\\Lib\\site-packages\\PyInstaller\\hooks\\pre_safe_import_module'
25988 INFO: Processing pre-safe-import-module hook 'hook-packaging.py' from 'C:\\Users\\smikl\\AppData\\Local\\Programs\\Python\\Python311\\Lib\\site-packages\\PyInstaller\\hooks\\pre_safe_import_module'
26027 INFO: Analyzing hidden import 'keyring.backends.Windows'
26039 INFO: Processing standard module hook 'hook-win32ctypes.core.py' from 'C:\\Users\\smikl\\AppData\\Local\\Programs\\Python\\Python311\\Lib\\site-packages\\PyInstaller\\hooks'
26912 INFO: Processing standard module hook 'hook-pycparser.py' from 'C:\\Users\\smikl\\AppData\\Local\\Programs\\Python\\Python311\\Lib\\site-packages\\_pyinstaller_hooks_contrib\\stdhooks'
27272 INFO: Processing standard module hook 'hook-setuptools.py' from 'C:\\Users\\smikl\\AppData\\Local\\Programs\\Python\\Python311\\Lib\\site-packages\\PyInstaller\\hooks'
27293 INFO: Processing pre-safe-import-module hook 'hook-distutils.py' from 'C:\\Users\\smikl\\AppData\\Local\\Programs\\Python\\Python311\\Lib\\site-packages\\PyInstaller\\hooks\\pre_safe_import_module'
27293 INFO: Processing pre-find-module-path hook 'hook-distutils.py' from 'C:\\Users\\smikl\\AppData\\Local\\Programs\\Python\\Python311\\Lib\\site-packages\\PyInstaller\\hooks\\pre_find_module_path'
28055 INFO: Processing standard module hook 'hook-distutils.py' from 'C:\\Users\\smikl\\AppData\\Local\\Programs\\Python\\Python311\\Lib\\site-packages\\PyInstaller\\hooks'
28160 INFO: Processing standard module hook 'hook-distutils.util.py' from 'C:\\Users\\smikl\\AppData\\Local\\Programs\\Python\\Python311\\Lib\\site-packages\\PyInstaller\\hooks'
28242 INFO: Processing standard module hook 'hook-_osx_support.py' from 'C:\\Users\\smikl\\AppData\\Local\\Programs\\Python\\Python311\\Lib\\site-packages\\PyInstaller\\hooks'
28599 INFO: Processing standard module hook 'hook-pkg_resources.py' from 'C:\\Users\\smikl\\AppData\\Local\\Programs\\Python\\Python311\\Lib\\site-packages\\PyInstaller\\hooks'
31488 INFO: Analyzing hidden import 'PIL._tkinter_finder'
31489 INFO: Analyzing hidden import 'openoutreach.desktop.app'
31498 INFO: Analyzing hidden import 'anyio._backends'
31498 INFO: Analyzing hidden import 'anyio._backends._asyncio'
31675 INFO: Processing standard module hook 'hook-py.py' from 'C:\\Users\\smikl\\AppData\\Local\\Programs\\Python\\Python311\\Lib\\site-packages\\_pyinstaller_hooks_contrib\\stdhooks'
33288 INFO: Processing module hooks (post-graph stage)...
34151 INFO: Processing standard module hook 'hook-xml.dom.domreg.py' from 'C:\\Users\\smikl\\AppData\\Local\\Programs\\Python\\Python311\\Lib\\site-packages\\PyInstaller\\hooks'
34387 WARNING: Hidden import "pycparser.lextab" not found!
34387 WARNING: Hidden import "pycparser.yacctab" not found!
34889 INFO: Processing standard module hook 'hook-PIL.SpiderImagePlugin.py' from 'C:\\Users\\smikl\\AppData\\Local\\Programs\\Python\\Python311\\Lib\\site-packages\\PyInstaller\\hooks'
34972 INFO: Processing pre-safe-import-module hook 'hook-win32com.py' from 'C:\\Users\\smikl\\AppData\\Local\\Programs\\Python\\Python311\\Lib\\site-packages\\_pyinstaller_hooks_contrib\\pre_safe_import_module'
41290 INFO: Processing standard module hook 'hook-setuptools._vendor.importlib_metadata.py' from 'C:\\Users\\smikl\\AppData\\Local\\Programs\\Python\\Python311\\Lib\\site-packages\\PyInstaller\\hooks'
41519 INFO: Processing standard module hook 'hook-setuptools._vendor.jaraco.text.py' from 'C:\\Users\\smikl\\AppData\\Local\\Programs\\Python\\Python311\\Lib\\site-packages\\PyInstaller\\hooks'
42926 INFO: Processing standard module hook 'hook-tzdata.py' from 'C:\\Users\\smikl\\AppData\\Local\\Programs\\Python\\Python311\\Lib\\site-packages\\_pyinstaller_hooks_contrib\\stdhooks'
43565 INFO: Performing binary vs. data reclassification (641 entries)
45973 INFO: Looking for ctypes DLLs
46086 INFO: Analyzing run-time hooks ...
46093 INFO: Including run-time hook 'pyi_rth_pkgres.py' from 'C:\\Users\\smikl\\AppData\\Local\\Programs\\Python\\Python311\\Lib\\site-packages\\PyInstaller\\hooks\\rthooks'
46097 INFO: Including run-time hook 'pyi_rth_pkgutil.py' from 'C:\\Users\\smikl\\AppData\\Local\\Programs\\Python\\Python311\\Lib\\site-packages\\PyInstaller\\hooks\\rthooks'
46098 INFO: Including run-time hook 'pyi_rth_inspect.py' from 'C:\\Users\\smikl\\AppData\\Local\\Programs\\Python\\Python311\\Lib\\site-packages\\PyInstaller\\hooks\\rthooks'
46100 INFO: Including run-time hook 'pyi_rth_multiprocessing.py' from 'C:\\Users\\smikl\\AppData\\Local\\Programs\\Python\\Python311\\Lib\\site-packages\\PyInstaller\\hooks\\rthooks'
46102 INFO: Including run-time hook 'pyi_rth_setuptools.py' from 'C:\\Users\\smikl\\AppData\\Local\\Programs\\Python\\Python311\\Lib\\site-packages\\PyInstaller\\hooks\\rthooks'
46103 INFO: Including run-time hook 'pyi_rth_cryptography_openssl.py' from 'C:\\Users\\smikl\\AppData\\Local\\Programs\\Python\\Python311\\Lib\\site-packages\\_pyinstaller_hooks_contrib\\rthooks'
46133 INFO: Creating base_library.zip...
46293 INFO: Looking for dynamic libraries
No MongoDB connection URI configured
48279 INFO: Extra DLL search directories (AddDllDirectory): []
48279 INFO: Extra DLL search directories (PATH): []
48894 INFO: Warnings written to C:\Users\smikl\Desktop\Work\OpenOutreach\desktop\build\openoutreach\warn-openoutreach.txt
49063 INFO: Graph cross-reference written to C:\Users\smikl\Desktop\Work\OpenOutreach\desktop\build\openoutreach\xref-openoutreach.html
49134 INFO: checking PYZ
49134 INFO: Building PYZ because PYZ-00.toc is non existent
49134 INFO: Building PYZ (ZlibArchive) C:\Users\smikl\Desktop\Work\OpenOutreach\desktop\build\openoutreach\PYZ-00.pyz
52803 INFO: Building PYZ (ZlibArchive) C:\Users\smikl\Desktop\Work\OpenOutreach\desktop\build\openoutreach\PYZ-00.pyz completed successfully.
52850 INFO: checking PKG
52850 INFO: Building PKG because PKG-00.toc is non existent
52850 INFO: Building PKG (CArchive) OpenOutreach.pkg
57482 INFO: Building PKG (CArchive) OpenOutreach.pkg completed successfully.
57496 INFO: Bootloader C:\Users\smikl\AppData\Local\Programs\Python\Python311\Lib\site-packages\PyInstaller\bootloader\Windows-64bit-intel\runw.exe
57496 INFO: checking EXE
57496 INFO: Building EXE because EXE-00.toc is non existent
57496 INFO: Building EXE from EXE-00.toc
57496 INFO: Copying bootloader EXE to C:\Users\smikl\Desktop\Work\OpenOutreach\desktop\dist\OpenOutreach.exe
57598 INFO: Copying icon to EXE
57643 INFO: Copying version information to EXE
57684 INFO: Copying 0 resources to EXE
57684 INFO: Embedding manifest in EXE
57724 INFO: Appending PKG archive to EXE
57834 INFO: Fixing EXE headers
58197 INFO: Building EXE from EXE-00.toc completed successfully.
58211 INFO: Build complete! The results are available in: C:\Users\smikl\Desktop\Work\OpenOutreach\desktop\dist

Building OpenOutreach v1.0.0 for win32...
Checking prerequisites...
  PyInstaller 6.21.0
  Pillow 12.3.0
Cleaning build artifacts...
  Cleaned.

Build complete: C:\Users\smikl\Desktop\Work\OpenOutreach\desktop\dist\OpenOutreach.exe
Size: 0.0 MB

Build process complete!
